2026-09-04 14:49:47,358 INFO Starting Phase 3A: Decision-State Construction (Budget: 1100, Seed: 42)
2026-09-04 14:49:47,506 INFO Harvesting candidate decision states for ai4i_2020...
2026-09-04 14:49:47,581 INFO Harvested 599 candidate states for ai4i_2020
2026-09-04 14:49:47,581 INFO Harvesting candidate decision states for cmapss...
2026-09-04 14:49:49,357 INFO Harvested 560 candidate states for cmapss
2026-09-04 14:49:49,357 INFO Harvesting candidate decision states for smart_maintenance_static...
2026-09-04 14:49:49,393 INFO Harvested 195 candidate states for smart_maintenance_static
2026-09-04 14:49:49,393 INFO Harvesting candidate decision states for smart_maintenance_timeseries...
2026-09-04 14:49:49,520 INFO Harvested 220 candidate states for smart_maintenance_timeseries
2026-09-04 14:49:49,520 INFO Harvesting candidate decision states for iiot_6g...
2026-09-04 14:49:49,667 INFO Harvested 200 candidate states for iiot_6g
2026-09-04 14:49:49,667 INFO Harvesting candidate decision states for metal_etch...
2026-09-04 14:49:49,693 INFO Harvested 165 candidate states for metal_etch
2026-09-04 14:49:49,693 INFO Harvesting candidate decision states for metropt3...
2026-09-04 14:49:49,939 INFO Harvested 140 candidate states for metropt3
2026-09-04 14:49:49,940 INFO Harvesting candidate decision states for uci_hydraulic...
2026-09-04 14:49:50,026 INFO Harvested 216 candidate states for uci_hydraulic
2026-09-04 14:49:50,026 INFO Harvesting candidate decision states for tennessee_eastman...
2026-09-04 14:49:59,168 INFO Harvested 200 candidate states for tennessee_eastman
2026-09-04 14:49:59,172 INFO Harvesting candidate decision states for nasa_ims...
2026-09-04 14:49:59,635 INFO Harvested 270 candidate states for nasa_ims
2026-09-04 14:49:59,635 INFO Harvesting candidate decision states for nasa_milling...
2026-09-04 14:49:59,691 INFO Harvested 150 candidate states for nasa_milling
2026-09-04 14:57:53,897 INFO Starting Phase 3A: Decision-State Construction (Budget: 1100, Seed: 42)
2026-09-04 14:57:54,027 INFO Harvesting candidate decision states for ai4i_2020...
2026-09-04 14:57:54,113 INFO Harvested 599 candidate states for ai4i_2020
2026-09-04 14:57:54,113 INFO Harvesting candidate decision states for cmapss...
2026-09-04 14:57:55,327 INFO Harvested 560 candidate states for cmapss
2026-09-04 14:57:55,327 INFO Harvesting candidate decision states for smart_maintenance_static...
2026-09-04 14:57:55,356 INFO Harvested 195 candidate states for smart_maintenance_static
2026-09-04 14:57:55,356 INFO Harvesting candidate decision states for smart_maintenance_timeseries...
2026-09-04 14:57:55,467 INFO Harvested 220 candidate states for smart_maintenance_timeseries
2026-09-04 14:57:55,467 INFO Harvesting candidate decision states for iiot_6g...
2026-09-04 14:57:55,607 INFO Harvested 200 candidate states for iiot_6g
2026-09-04 14:57:55,607 INFO Harvesting candidate decision states for metal_etch...
2026-09-04 14:57:55,635 INFO Harvested 165 candidate states for metal_etch
2026-09-04 14:57:55,635 INFO Harvesting candidate decision states for metropt3...
2026-09-04 14:57:55,859 INFO Harvested 140 candidate states for metropt3
2026-09-04 14:57:55,859 INFO Harvesting candidate decision states for uci_hydraulic...
2026-09-04 14:57:55,943 INFO Harvested 216 candidate states for uci_hydraulic
2026-09-04 14:57:55,943 INFO Harvesting candidate decision states for tennessee_eastman...
2026-09-04 14:58:04,098 INFO Harvested 200 candidate states for tennessee_eastman
2026-09-04 14:58:04,106 INFO Harvesting candidate decision states for nasa_ims...
2026-09-04 14:58:04,340 INFO Harvested 270 candidate states for nasa_ims
2026-09-04 14:58:04,340 INFO Harvesting candidate decision states for nasa_milling...
2026-09-04 14:58:04,363 INFO Harvested 150 candidate states for nasa_milling
2026-09-04 14:59:00,956 INFO Starting Phase 3A: Decision-State Construction (Budget: 1100, Seed: 42)
2026-09-04 14:59:01,033 INFO Harvesting candidate decision states for ai4i_2020...
2026-09-04 14:59:01,101 INFO Harvested 599 candidate states for ai4i_2020
2026-09-04 14:59:01,101 INFO Harvesting candidate decision states for cmapss...
2026-09-04 14:59:02,176 INFO Harvested 560 candidate states for cmapss
2026-09-04 14:59:02,176 INFO Harvesting candidate decision states for smart_maintenance_static...
2026-09-04 14:59:02,268 INFO Harvested 195 candidate states for smart_maintenance_static
2026-09-04 14:59:02,268 INFO Harvesting candidate decision states for smart_maintenance_timeseries...
2026-09-04 14:59:02,398 INFO Harvested 220 candidate states for smart_maintenance_timeseries
2026-09-04 14:59:02,398 INFO Harvesting candidate decision states for iiot_6g...
2026-09-04 14:59:02,541 INFO Harvested 200 candidate states for iiot_6g
2026-09-04 14:59:02,541 INFO Harvesting candidate decision states for metal_etch...
2026-09-04 14:59:02,570 INFO Harvested 165 candidate states for metal_etch
2026-09-04 14:59:02,570 INFO Harvesting candidate decision states for metropt3...
2026-09-04 14:59:02,769 INFO Harvested 140 candidate states for metropt3
2026-09-04 14:59:02,769 INFO Harvesting candidate decision states for uci_hydraulic...
2026-09-04 14:59:02,860 INFO Harvested 216 candidate states for uci_hydraulic
2026-09-04 14:59:02,860 INFO Harvesting candidate decision states for tennessee_eastman...
2026-09-04 14:59:12,641 INFO Harvested 200 candidate states for tennessee_eastman
2026-09-04 14:59:12,656 INFO Harvesting candidate decision states for nasa_ims...
2026-09-04 14:59:13,268 INFO Harvested 270 candidate states for nasa_ims
2026-09-04 14:59:13,268 INFO Harvesting candidate decision states for nasa_milling...
2026-09-04 14:59:13,325 INFO Harvested 150 candidate states for nasa_milling
